============================= test session starts =============================
platform win32 -- Python 3.11.9, pytest-6.2.5, py-1.11.0, pluggy-1.6.0
rootdir: C:\Users\lukx\Desktop\TraderCopilot-freshsale\backend
plugins: anyio-4.9.0
collected 1 item

tests\test_auth_flow_v2.py .                                             [100%]

============================== warnings summary ===============================
..\..\..\AppData\Local\Programs\Python\Python311\Lib\site-packages\starlette\formparsers.py:12
  C:\Users\lukx\AppData\Local\Programs\Python\Python311\Lib\site-packages\starlette\formparsers.py:12: PendingDeprecationWarning: Please use `import python_multipart` instead.
    import multipart

core\schemas.py:17
  C:\Users\lukx\Desktop\TraderCopilot-freshsale\backend\core\schemas.py:17: PydanticDeprecatedSince20: Support for class-based `config` is deprecated, use ConfigDict instead. Deprecated in Pydantic V2.0 to be removed in V3.0. See Pydantic V2 Migration Guide at https://errors.pydantic.dev/2.12/migration/
    class Signal(BaseModel):

core\schemas.py:192
  C:\Users\lukx\Desktop\TraderCopilot-freshsale\backend\core\schemas.py:192: PydanticDeprecatedSince20: Support for class-based `config` is deprecated, use ConfigDict instead. Deprecated in Pydantic V2.0 to be removed in V3.0. See Pydantic V2 Migration Guide at https://errors.pydantic.dev/2.12/migration/
    class UserResponse(BaseModel):

main.py:76
  C:\Users\lukx\Desktop\TraderCopilot-freshsale\backend\main.py:76: DeprecationWarning: 
          on_event is deprecated, use lifespan event handlers instead.
  
          Read more about it in the
          [FastAPI docs for Lifespan Events](https://fastapi.tiangolo.com/advanced/events/).
          
    @app.on_event("startup")

..\..\..\AppData\Local\Programs\Python\Python311\Lib\site-packages\fastapi\applications.py:4495
..\..\..\AppData\Local\Programs\Python\Python311\Lib\site-packages\fastapi\applications.py:4495
..\..\..\AppData\Local\Programs\Python\Python311\Lib\site-packages\fastapi\applications.py:4495
..\..\..\AppData\Local\Programs\Python\Python311\Lib\site-packages\fastapi\applications.py:4495
  C:\Users\lukx\AppData\Local\Programs\Python\Python311\Lib\site-packages\fastapi\applications.py:4495: DeprecationWarning: 
          on_event is deprecated, use lifespan event handlers instead.
  
          Read more about it in the
          [FastAPI docs for Lifespan Events](https://fastapi.tiangolo.com/advanced/events/).
          
    return self.router.on_event(event_type)

main.py:110
  C:\Users\lukx\Desktop\TraderCopilot-freshsale\backend\main.py:110: DeprecationWarning: 
          on_event is deprecated, use lifespan event handlers instead.
  
          Read more about it in the
          [FastAPI docs for Lifespan Events](https://fastapi.tiangolo.com/advanced/events/).
          
    @app.on_event("shutdown")

main.py:271
  C:\Users\lukx\Desktop\TraderCopilot-freshsale\backend\main.py:271: DeprecationWarning: 
          on_event is deprecated, use lifespan event handlers instead.
  
          Read more about it in the
          [FastAPI docs for Lifespan Events](https://fastapi.tiangolo.com/advanced/events/).
          
    @app.on_event("startup")

main.py:772
  C:\Users\lukx\Desktop\TraderCopilot-freshsale\backend\main.py:772: DeprecationWarning: 
          on_event is deprecated, use lifespan event handlers instead.
  
          Read more about it in the
          [FastAPI docs for Lifespan Events](https://fastapi.tiangolo.com/advanced/events/).
          
    @app.on_event("startup")

routers\logs.py:15
  C:\Users\lukx\Desktop\TraderCopilot-freshsale\backend\routers\logs.py:15: PydanticDeprecatedSince20: Support for class-based `config` is deprecated, use ConfigDict instead. Deprecated in Pydantic V2.0 to be removed in V3.0. See Pydantic V2 Migration Guide at https://errors.pydantic.dev/2.12/migration/
    class LogEntry(BaseModel):

-- Docs: https://docs.pytest.org/en/stable/warnings.html
======================= 1 passed, 12 warnings in 3.77s ========================
